C251 COMPILER V5.60.0,  STC32G_Compare_Isr                                                 14/05/23  10:09:44  PAGE 1   


C251 COMPILER V5.60.0, COMPILATION OF MODULE STC32G_Compare_Isr
OBJECT MODULE PLACED IN .\MDK\Obj\STC32G_Compare_Isr.obj
COMPILER INVOKED BY: D:\Program\Keil_v5\C251\BIN\C251.EXE Driver\Isr\STC32G_Compare_Isr.c XSMALL INTR2 OPTIMIZE(0,SPEED)
                    - BROWSE INCDIR(.\Driver;.\Driver\Inc;.\Driver\Isr;.\CORE\Inc;.\bsp\include) DEBUG PRINT(.\MDK\List\STC32G_Compare_Isr.ls
                    -t) TABS(2) OBJECT(.\MDK\Obj\STC32G_Compare_Isr.obj) 

stmt  level    source

    1          #include "STC32G_Compare.h"
    2          
    3          //========================================================================
    4          // 函数: CMP_ISR_Handler
    5          // 描述: 比较器中断函数.
    6          // 参数: none.
    7          // 返回: none.
    8          // 版本: V1.0, 2020-09-23
    9          //========================================================================
   10          void CMP_ISR_Handler (void) interrupt CMP_VECTOR
   11          {
   12   1        CMPIF = 0;      //清除中断标志
   13   1        
   14   1        // TODO: 在此处添加用户代码
   15   1        P47 = CMPRES; //中断方式读取比较器比较结果
   16   1      }


Module Information          Static   Overlayable
------------------------------------------------
  code size            =        17     ------
  ecode size           =    ------     ------
  data size            =    ------     ------
  idata size           =    ------     ------
  pdata size           =    ------     ------
  xdata size           =    ------     ------
  xdata-const size     =    ------     ------
  edata size           =    ------     ------
  bit size             =    ------     ------
  ebit size            =    ------     ------
  bitaddressable size  =    ------     ------
  ebitaddressable size =    ------     ------
  far data size        =    ------     ------
  huge data size       =    ------     ------
  const size           =    ------     ------
  hconst size          =    ------     ------
End of Module Information.


C251 COMPILATION COMPLETE.  0 WARNING(S),  0 ERROR(S)
