C251 COMPILER V5.60.0,  STC32G_LCM_Isr                                                     14/05/23  10:09:45  PAGE 1   


C251 COMPILER V5.60.0, COMPILATION OF MODULE STC32G_LCM_Isr
OBJECT MODULE PLACED IN .\MDK\Obj\STC32G_LCM_Isr.obj
COMPILER INVOKED BY: D:\Program\Keil_v5\C251\BIN\C251.EXE Driver\Isr\STC32G_LCM_Isr.c XSMALL INTR2 OPTIMIZE(0,SPEED) BRO
                    -WSE INCDIR(.\Driver;.\Driver\Inc;.\Driver\Isr;.\CORE\Inc;.\bsp\include) DEBUG PRINT(.\MDK\List\STC32G_LCM_Isr.lst) TABS(
                    -2) OBJECT(.\MDK\Obj\STC32G_LCM_Isr.obj) 

stmt  level    source

    1          #include "STC32G_LCM.h"
    2          
    3          //========================================================================
    4          // 函数: LCM_ISR_Handler
    5          // 描述: LCM 中断函数.
    6          // 参数: none.
    7          // 返回: none.
    8          // 版本: V1.0, 2022-03-23
    9          //========================================================================
   10          void LCM_ISR_Handler (void) interrupt LCM_VECTOR
   11          {
   12   1        // TODO: 在此处添加用户代码
   13   1        if(LCMIFSTA & 0x01)
   14   1        {
   15   2          LCMIFSTA = 0x00;
   16   2      //    LcmFlag = 0;
   17   2        }
   18   1      }
   19          
   20          


Module Information          Static   Overlayable
------------------------------------------------
  code size            =        42     ------
  ecode size           =    ------     ------
  data size            =    ------     ------
  idata size           =    ------     ------
  pdata size           =    ------     ------
  xdata size           =    ------     ------
  xdata-const size     =    ------     ------
  edata size           =    ------     ------
  bit size             =    ------     ------
  ebit size            =    ------     ------
  bitaddressable size  =    ------     ------
  ebitaddressable size =    ------     ------
  far data size        =    ------     ------
  huge data size       =    ------     ------
  const size           =    ------     ------
  hconst size          =    ------     ------
End of Module Information.


C251 COMPILATION COMPLETE.  0 WARNING(S),  0 ERROR(S)
